/root/h10_pooltest_ws/src/h10_controls/install/controls_movement/lib/python3.10/site-packages/controls_movement/depth_orientation_pid.py
/root/h10_pooltest_ws/src/h10_controls/install/controls_movement/lib/python3.10/site-packages/controls_movement/thruster_allocator.py
/root/h10_pooltest_ws/src/h10_controls/install/controls_movement/lib/python3.10/site-packages/controls_movement/move_service_queue.py
/root/h10_pooltest_ws/src/h10_controls/install/controls_movement/lib/python3.10/site-packages/controls_movement/integrated_direction_test.py
/root/h10_pooltest_ws/src/h10_controls/install/controls_movement/lib/python3.10/site-packages/controls_movement/movement_controller.py
/root/h10_pooltest_ws/src/h10_controls/install/controls_movement/lib/python3.10/site-packages/controls_movement/sensor_viewer.py
/root/h10_pooltest_ws/src/h10_controls/install/controls_movement/lib/python3.10/site-packages/controls_movement/pid_controller.py
/root/h10_pooltest_ws/src/h10_controls/install/controls_movement/lib/python3.10/site-packages/controls_movement/move_service.py
/root/h10_pooltest_ws/src/h10_controls/install/controls_movement/lib/python3.10/site-packages/controls_movement/yaw_pid_hardcode_node.py
/root/h10_pooltest_ws/src/h10_controls/install/controls_movement/lib/python3.10/site-packages/controls_movement/vertical_PID.py
/root/h10_pooltest_ws/src/h10_controls/install/controls_movement/lib/python3.10/site-packages/controls_movement/uturn_test.py
/root/h10_pooltest_ws/src/h10_controls/install/controls_movement/lib/python3.10/site-packages/controls_movement/__init__.py
/root/h10_pooltest_ws/src/h10_controls/install/controls_movement/lib/python3.10/site-packages/controls_movement/param_helper.py
/root/h10_pooltest_ws/src/h10_controls/install/controls_movement/lib/python3.10/site-packages/controls_movement/quali_thruster_allocator.py
/root/h10_pooltest_ws/src/h10_controls/install/controls_movement/lib/python3.10/site-packages/controls_movement/__pycache__/depth_orientation_pid.cpython-310.pyc
/root/h10_pooltest_ws/src/h10_controls/install/controls_movement/lib/python3.10/site-packages/controls_movement/__pycache__/thruster_allocator.cpython-310.pyc
/root/h10_pooltest_ws/src/h10_controls/install/controls_movement/lib/python3.10/site-packages/controls_movement/__pycache__/move_service_queue.cpython-310.pyc
/root/h10_pooltest_ws/src/h10_controls/install/controls_movement/lib/python3.10/site-packages/controls_movement/__pycache__/integrated_direction_test.cpython-310.pyc
/root/h10_pooltest_ws/src/h10_controls/install/controls_movement/lib/python3.10/site-packages/controls_movement/__pycache__/movement_controller.cpython-310.pyc
/root/h10_pooltest_ws/src/h10_controls/install/controls_movement/lib/python3.10/site-packages/controls_movement/__pycache__/sensor_viewer.cpython-310.pyc
/root/h10_pooltest_ws/src/h10_controls/install/controls_movement/lib/python3.10/site-packages/controls_movement/__pycache__/pid_controller.cpython-310.pyc
/root/h10_pooltest_ws/src/h10_controls/install/controls_movement/lib/python3.10/site-packages/controls_movement/__pycache__/move_service.cpython-310.pyc
/root/h10_pooltest_ws/src/h10_controls/install/controls_movement/lib/python3.10/site-packages/controls_movement/__pycache__/yaw_pid_hardcode_node.cpython-310.pyc
/root/h10_pooltest_ws/src/h10_controls/install/controls_movement/lib/python3.10/site-packages/controls_movement/__pycache__/vertical_PID.cpython-310.pyc
/root/h10_pooltest_ws/src/h10_controls/install/controls_movement/lib/python3.10/site-packages/controls_movement/__pycache__/uturn_test.cpython-310.pyc
/root/h10_pooltest_ws/src/h10_controls/install/controls_movement/lib/python3.10/site-packages/controls_movement/__pycache__/__init__.cpython-310.pyc
/root/h10_pooltest_ws/src/h10_controls/install/controls_movement/lib/python3.10/site-packages/controls_movement/__pycache__/param_helper.cpython-310.pyc
/root/h10_pooltest_ws/src/h10_controls/install/controls_movement/lib/python3.10/site-packages/controls_movement/__pycache__/quali_thruster_allocator.cpython-310.pyc
/root/h10_pooltest_ws/src/h10_controls/install/controls_movement/share/ament_index/resource_index/packages/controls_movement
/root/h10_pooltest_ws/src/h10_controls/install/controls_movement/share/controls_movement/package.xml
/root/h10_pooltest_ws/src/h10_controls/install/controls_movement/share/controls_movement/launch/vert_pid.launch.py
/root/h10_pooltest_ws/src/h10_controls/install/controls_movement/share/controls_movement/launch/CV_quali_gate_with_depth.launch.py
/root/h10_pooltest_ws/src/h10_controls/install/controls_movement/share/controls_movement/launch/uturn.launch.py
/root/h10_pooltest_ws/src/h10_controls/install/controls_movement/share/controls_movement/launch/full_movement.launch.py
/root/h10_pooltest_ws/src/h10_controls/install/controls_movement/share/controls_movement/launch/dirTest.launch.py
/root/h10_pooltest_ws/src/h10_controls/install/controls_movement/share/controls_movement/launch/ML_quali_gate_with_depth.launch.py
/root/h10_pooltest_ws/src/h10_controls/install/controls_movement/share/controls_movement/config/simple_direction_test.yaml
/root/h10_pooltest_ws/src/h10_controls/install/controls_movement/share/controls_movement/config/depth_orientation_pid.yaml
/root/h10_pooltest_ws/src/h10_controls/install/controls_movement/share/controls_movement/config/thruster.yaml
/root/h10_pooltest_ws/src/h10_controls/install/controls_movement/share/controls_movement/config/pid.yaml
/root/h10_pooltest_ws/src/h10_controls/install/controls_movement/share/controls_movement/config/thrust_map.csv
/root/h10_pooltest_ws/src/h10_controls/install/controls_movement/share/controls_movement/config/thrust_map_calcs.ods
/root/h10_pooltest_ws/src/h10_controls/install/controls_movement/share/controls_movement/config/quali_gate_pid.yaml
/root/h10_pooltest_ws/src/h10_controls/install/controls_movement/share/controls_movement/config/vert_pid_test.yaml
/root/h10_pooltest_ws/src/h10_controls/install/controls_movement/share/controls_movement/config/thrust_map_old.csv
/root/h10_pooltest_ws/src/h10_controls/install/controls_movement/lib/python3.10/site-packages/controls_movement-0.0.0-py3.10.egg-info/top_level.txt
/root/h10_pooltest_ws/src/h10_controls/install/controls_movement/lib/python3.10/site-packages/controls_movement-0.0.0-py3.10.egg-info/PKG-INFO
/root/h10_pooltest_ws/src/h10_controls/install/controls_movement/lib/python3.10/site-packages/controls_movement-0.0.0-py3.10.egg-info/entry_points.txt
/root/h10_pooltest_ws/src/h10_controls/install/controls_movement/lib/python3.10/site-packages/controls_movement-0.0.0-py3.10.egg-info/SOURCES.txt
/root/h10_pooltest_ws/src/h10_controls/install/controls_movement/lib/python3.10/site-packages/controls_movement-0.0.0-py3.10.egg-info/zip-safe
/root/h10_pooltest_ws/src/h10_controls/install/controls_movement/lib/python3.10/site-packages/controls_movement-0.0.0-py3.10.egg-info/dependency_links.txt
/root/h10_pooltest_ws/src/h10_controls/install/controls_movement/lib/python3.10/site-packages/controls_movement-0.0.0-py3.10.egg-info/requires.txt
/root/h10_pooltest_ws/src/h10_controls/install/controls_movement/lib/controls_movement/depthOriPID
/root/h10_pooltest_ws/src/h10_controls/install/controls_movement/lib/controls_movement/dirTest
/root/h10_pooltest_ws/src/h10_controls/install/controls_movement/lib/controls_movement/full_movement
/root/h10_pooltest_ws/src/h10_controls/install/controls_movement/lib/controls_movement/integratedDirTest
/root/h10_pooltest_ws/src/h10_controls/install/controls_movement/lib/controls_movement/moveBack
/root/h10_pooltest_ws/src/h10_controls/install/controls_movement/lib/controls_movement/moveDown
/root/h10_pooltest_ws/src/h10_controls/install/controls_movement/lib/controls_movement/moveFront
/root/h10_pooltest_ws/src/h10_controls/install/controls_movement/lib/controls_movement/moveLeft
/root/h10_pooltest_ws/src/h10_controls/install/controls_movement/lib/controls_movement/moveRight
/root/h10_pooltest_ws/src/h10_controls/install/controls_movement/lib/controls_movement/moveService
/root/h10_pooltest_ws/src/h10_controls/install/controls_movement/lib/controls_movement/moveServiceQueue
/root/h10_pooltest_ws/src/h10_controls/install/controls_movement/lib/controls_movement/moveUp
/root/h10_pooltest_ws/src/h10_controls/install/controls_movement/lib/controls_movement/movementControls
/root/h10_pooltest_ws/src/h10_controls/install/controls_movement/lib/controls_movement/qualiGate
/root/h10_pooltest_ws/src/h10_controls/install/controls_movement/lib/controls_movement/qualiGate_pub
/root/h10_pooltest_ws/src/h10_controls/install/controls_movement/lib/controls_movement/sensorViewer
/root/h10_pooltest_ws/src/h10_controls/install/controls_movement/lib/controls_movement/sim_control_panel
/root/h10_pooltest_ws/src/h10_controls/install/controls_movement/lib/controls_movement/thrust
/root/h10_pooltest_ws/src/h10_controls/install/controls_movement/lib/controls_movement/uturn
/root/h10_pooltest_ws/src/h10_controls/install/controls_movement/lib/controls_movement/vertPID
/root/h10_pooltest_ws/src/h10_controls/install/controls_movement/lib/controls_movement/vertPIDTest
/root/h10_pooltest_ws/src/h10_controls/install/controls_movement/lib/controls_movement/vertPID_pub
