[0.214s] DEBUG:colcon:Command line arguments: ['/usr/bin/colcon', 'build', '--packages-select', 'controls_movement']
[0.214s] DEBUG:colcon:Parsed command line arguments: Namespace(log_base=None, log_level=None, verb_name='build', build_base='build', install_base='install', merge_install=False, symlink_install=False, test_result_base=None, continue_on_error=False, executor='parallel', parallel_workers=16, event_handlers=None, ignore_user_meta=False, metas=['./colcon.meta'], base_paths=['.'], packages_ignore=None, packages_ignore_regex=None, paths=None, packages_up_to=None, packages_up_to_regex=None, packages_above=None, packages_above_and_dependencies=None, packages_above_depth=None, packages_select_by_dep=None, packages_skip_by_dep=None, packages_skip_up_to=None, packages_select_build_failed=False, packages_skip_build_finished=False, packages_select_test_failures=False, packages_skip_test_passed=False, packages_select=['controls_movement'], packages_skip=None, packages_select_regex=None, packages_skip_regex=None, packages_start=None, packages_end=None, allow_overriding=[], cmake_args=None, cmake_target=None, cmake_target_skip_unavailable=False, cmake_clean_cache=False, cmake_clean_first=False, cmake_force_configure=False, ament_cmake_args=None, catkin_cmake_args=None, catkin_skip_building_tests=False, verb_parser=<colcon_defaults.argument_parser.defaults.DefaultArgumentsDecorator object at 0x7faa7a6e9c00>, verb_extension=<colcon_core.verb.build.BuildVerb object at 0x7faa7a84eec0>, main=<bound method BuildVerb.main of <colcon_core.verb.build.BuildVerb object at 0x7faa7a84eec0>>)
[0.363s] Level 1:colcon.colcon_core.package_discovery:discover_packages(colcon_meta) check parameters
[0.363s] Level 1:colcon.colcon_core.package_discovery:discover_packages(recursive) check parameters
[0.364s] Level 1:colcon.colcon_core.package_discovery:discover_packages(ignore) check parameters
[0.364s] Level 1:colcon.colcon_core.package_discovery:discover_packages(path) check parameters
[0.364s] Level 1:colcon.colcon_core.package_discovery:discover_packages(colcon_meta) discover
[0.364s] Level 1:colcon.colcon_core.package_discovery:discover_packages(recursive) discover
[0.364s] INFO:colcon.colcon_core.package_discovery:Crawling recursively for packages in '/root/h10_pooltest_ws/src/h10_controls'
[0.364s] Level 1:colcon.colcon_core.package_identification:_identify(.) by extensions ['ignore', 'ignore_ament_install']
[0.364s] Level 1:colcon.colcon_core.package_identification:_identify(.) by extension 'ignore'
[0.364s] Level 1:colcon.colcon_core.package_identification:_identify(.) by extension 'ignore_ament_install'
[0.364s] Level 1:colcon.colcon_core.package_identification:_identify(.) by extensions ['colcon_pkg']
[0.364s] Level 1:colcon.colcon_core.package_identification:_identify(.) by extension 'colcon_pkg'
[0.364s] Level 1:colcon.colcon_core.package_identification:_identify(.) by extensions ['colcon_meta']
[0.364s] Level 1:colcon.colcon_core.package_identification:_identify(.) by extension 'colcon_meta'
[0.364s] Level 1:colcon.colcon_core.package_identification:_identify(.) by extensions ['ros']
[0.364s] Level 1:colcon.colcon_core.package_identification:_identify(.) by extension 'ros'
[0.376s] Level 1:colcon.colcon_core.package_identification:_identify(.) by extensions ['cmake', 'python']
[0.376s] Level 1:colcon.colcon_core.package_identification:_identify(.) by extension 'cmake'
[0.376s] Level 1:colcon.colcon_core.package_identification:_identify(.) by extension 'python'
[0.377s] Level 1:colcon.colcon_core.package_identification:_identify(.) by extensions ['python_setup_py']
[0.377s] Level 1:colcon.colcon_core.package_identification:_identify(.) by extension 'python_setup_py'
[0.377s] Level 1:colcon.colcon_core.package_identification:_identify(build) by extensions ['ignore', 'ignore_ament_install']
[0.377s] Level 1:colcon.colcon_core.package_identification:_identify(build) by extension 'ignore'
[0.377s] Level 1:colcon.colcon_core.package_identification:_identify(build) ignored
[0.377s] Level 1:colcon.colcon_core.package_identification:_identify(controls_movement) by extensions ['ignore', 'ignore_ament_install']
[0.377s] Level 1:colcon.colcon_core.package_identification:_identify(controls_movement) by extension 'ignore'
[0.377s] Level 1:colcon.colcon_core.package_identification:_identify(controls_movement) by extension 'ignore_ament_install'
[0.377s] Level 1:colcon.colcon_core.package_identification:_identify(controls_movement) by extensions ['colcon_pkg']
[0.377s] Level 1:colcon.colcon_core.package_identification:_identify(controls_movement) by extension 'colcon_pkg'
[0.377s] Level 1:colcon.colcon_core.package_identification:_identify(controls_movement) by extensions ['colcon_meta']
[0.377s] Level 1:colcon.colcon_core.package_identification:_identify(controls_movement) by extension 'colcon_meta'
[0.377s] Level 1:colcon.colcon_core.package_identification:_identify(controls_movement) by extensions ['ros']
[0.377s] Level 1:colcon.colcon_core.package_identification:_identify(controls_movement) by extension 'ros'
[0.381s] DEBUG:colcon.colcon_core.package_identification:Package 'controls_movement' with type 'ros.ament_python' and name 'controls_movement'
[0.382s] Level 1:colcon.colcon_core.package_identification:_identify(install) by extensions ['ignore', 'ignore_ament_install']
[0.382s] Level 1:colcon.colcon_core.package_identification:_identify(install) by extension 'ignore'
[0.382s] Level 1:colcon.colcon_core.package_identification:_identify(install) ignored
[0.382s] Level 1:colcon.colcon_core.package_identification:_identify(log) by extensions ['ignore', 'ignore_ament_install']
[0.382s] Level 1:colcon.colcon_core.package_identification:_identify(log) by extension 'ignore'
[0.382s] Level 1:colcon.colcon_core.package_identification:_identify(log) ignored
[0.382s] Level 1:colcon.colcon_core.package_discovery:discover_packages(recursive) using defaults
[0.382s] Level 1:colcon.colcon_core.package_discovery:discover_packages(ignore) discover
[0.382s] Level 1:colcon.colcon_core.package_discovery:discover_packages(ignore) using defaults
[0.382s] Level 1:colcon.colcon_core.package_discovery:discover_packages(path) discover
[0.382s] Level 1:colcon.colcon_core.package_discovery:discover_packages(path) using defaults
[0.406s] Level 1:colcon.colcon_core.package_discovery:discover_packages(prefix_path) check parameters
[0.406s] Level 1:colcon.colcon_core.package_discovery:discover_packages(prefix_path) discover
[0.409s] Level 1:colcon.colcon_core.package_discovery:discover_packages(prefix_path) using defaults
[0.410s] Level 5:colcon.colcon_core.verb:set package 'controls_movement' build argument 'cmake_args' from command line to 'None'
[0.410s] Level 5:colcon.colcon_core.verb:set package 'controls_movement' build argument 'cmake_target' from command line to 'None'
[0.410s] Level 5:colcon.colcon_core.verb:set package 'controls_movement' build argument 'cmake_target_skip_unavailable' from command line to 'False'
[0.410s] Level 5:colcon.colcon_core.verb:set package 'controls_movement' build argument 'cmake_clean_cache' from command line to 'False'
[0.410s] Level 5:colcon.colcon_core.verb:set package 'controls_movement' build argument 'cmake_clean_first' from command line to 'False'
[0.410s] Level 5:colcon.colcon_core.verb:set package 'controls_movement' build argument 'cmake_force_configure' from command line to 'False'
[0.410s] Level 5:colcon.colcon_core.verb:set package 'controls_movement' build argument 'ament_cmake_args' from command line to 'None'
[0.410s] Level 5:colcon.colcon_core.verb:set package 'controls_movement' build argument 'catkin_cmake_args' from command line to 'None'
[0.410s] Level 5:colcon.colcon_core.verb:set package 'controls_movement' build argument 'catkin_skip_building_tests' from command line to 'False'
[0.410s] DEBUG:colcon.colcon_core.verb:Building package 'controls_movement' with the following arguments: {'ament_cmake_args': None, 'build_base': '/root/h10_pooltest_ws/src/h10_controls/build/controls_movement', 'catkin_cmake_args': None, 'catkin_skip_building_tests': False, 'cmake_args': None, 'cmake_clean_cache': False, 'cmake_clean_first': False, 'cmake_force_configure': False, 'cmake_target': None, 'cmake_target_skip_unavailable': False, 'install_base': '/root/h10_pooltest_ws/src/h10_controls/install/controls_movement', 'merge_install': False, 'path': '/root/h10_pooltest_ws/src/h10_controls/controls_movement', 'symlink_install': False, 'test_result_base': None}
[0.410s] INFO:colcon.colcon_core.executor:Executing jobs using 'parallel' executor
[0.411s] DEBUG:colcon.colcon_parallel_executor.executor.parallel:run_until_complete
[0.412s] INFO:colcon.colcon_ros.task.ament_python.build:Building ROS package in '/root/h10_pooltest_ws/src/h10_controls/controls_movement' with build type 'ament_python'
[0.412s] Level 1:colcon.colcon_core.shell:create_environment_hook('controls_movement', 'ament_prefix_path')
[0.417s] INFO:colcon.colcon_core.plugin_system:Skipping extension 'colcon_core.shell.bat': Not used on non-Windows systems
[0.417s] INFO:colcon.colcon_core.shell:Creating environment hook '/root/h10_pooltest_ws/src/h10_controls/install/controls_movement/share/controls_movement/hook/ament_prefix_path.ps1'
[0.418s] INFO:colcon.colcon_core.shell:Creating environment descriptor '/root/h10_pooltest_ws/src/h10_controls/install/controls_movement/share/controls_movement/hook/ament_prefix_path.dsv'
[0.419s] INFO:colcon.colcon_core.shell:Creating environment hook '/root/h10_pooltest_ws/src/h10_controls/install/controls_movement/share/controls_movement/hook/ament_prefix_path.sh'
[0.420s] INFO:colcon.colcon_core.shell:Skip shell extension 'powershell' for command environment: Not usable outside of PowerShell
[0.420s] DEBUG:colcon.colcon_core.shell:Skip shell extension 'dsv' for command environment
[0.574s] INFO:colcon.colcon_core.task.python.build:Building Python package in '/root/h10_pooltest_ws/src/h10_controls/controls_movement'
[0.574s] INFO:colcon.colcon_core.shell:Skip shell extension 'powershell' for command environment: Not usable outside of PowerShell
[0.574s] DEBUG:colcon.colcon_core.shell:Skip shell extension 'dsv' for command environment
[0.839s] DEBUG:colcon.colcon_core.event_handler.log_command:Invoking command in '/root/h10_pooltest_ws/src/h10_controls/controls_movement': PYTHONPATH=/root/h10_pooltest_ws/src/h10_controls/build/controls_movement/prefix_override:/usr/lib/python3/dist-packages/colcon_core/task/python/colcon_distutils_commands:/root/h10_pooltest_ws/src/h10_controls/install/controls_movement/lib/python3.10/site-packages: /usr/bin/python3 -W ignore:setup.py install is deprecated setup.py egg_info --egg-base ../build/controls_movement build --build-base /root/h10_pooltest_ws/src/h10_controls/build/controls_movement/build install --record /root/h10_pooltest_ws/src/h10_controls/build/controls_movement/install.log --single-version-externally-managed install_data
[1.023s] DEBUG:colcon.colcon_core.event_handler.log_command:Invoked command in '/root/h10_pooltest_ws/src/h10_controls/controls_movement' returned '0': PYTHONPATH=/root/h10_pooltest_ws/src/h10_controls/build/controls_movement/prefix_override:/usr/lib/python3/dist-packages/colcon_core/task/python/colcon_distutils_commands:/root/h10_pooltest_ws/src/h10_controls/install/controls_movement/lib/python3.10/site-packages: /usr/bin/python3 -W ignore:setup.py install is deprecated setup.py egg_info --egg-base ../build/controls_movement build --build-base /root/h10_pooltest_ws/src/h10_controls/build/controls_movement/build install --record /root/h10_pooltest_ws/src/h10_controls/build/controls_movement/install.log --single-version-externally-managed install_data
[1.026s] Level 1:colcon.colcon_core.environment:checking '/root/h10_pooltest_ws/src/h10_controls/install/controls_movement' for CMake module files
[1.027s] Level 1:colcon.colcon_core.environment:checking '/root/h10_pooltest_ws/src/h10_controls/install/controls_movement' for CMake config files
[1.028s] Level 1:colcon.colcon_core.environment:checking '/root/h10_pooltest_ws/src/h10_controls/install/controls_movement/lib'
[1.028s] Level 1:colcon.colcon_core.environment:checking '/root/h10_pooltest_ws/src/h10_controls/install/controls_movement/bin'
[1.028s] Level 1:colcon.colcon_core.environment:checking '/root/h10_pooltest_ws/src/h10_controls/install/controls_movement/lib/pkgconfig/controls_movement.pc'
[1.028s] Level 1:colcon.colcon_core.environment:checking '/root/h10_pooltest_ws/src/h10_controls/install/controls_movement/lib/python3.10/site-packages'
[1.028s] Level 1:colcon.colcon_core.shell:create_environment_hook('controls_movement', 'pythonpath')
[1.028s] INFO:colcon.colcon_core.shell:Creating environment hook '/root/h10_pooltest_ws/src/h10_controls/install/controls_movement/share/controls_movement/hook/pythonpath.ps1'
[1.028s] INFO:colcon.colcon_core.shell:Creating environment descriptor '/root/h10_pooltest_ws/src/h10_controls/install/controls_movement/share/controls_movement/hook/pythonpath.dsv'
[1.029s] INFO:colcon.colcon_core.shell:Creating environment hook '/root/h10_pooltest_ws/src/h10_controls/install/controls_movement/share/controls_movement/hook/pythonpath.sh'
[1.029s] Level 1:colcon.colcon_core.environment:checking '/root/h10_pooltest_ws/src/h10_controls/install/controls_movement/bin'
[1.029s] Level 1:colcon.colcon_core.environment:create_environment_scripts_only(controls_movement)
[1.029s] INFO:colcon.colcon_core.shell:Creating package script '/root/h10_pooltest_ws/src/h10_controls/install/controls_movement/share/controls_movement/package.ps1'
[1.030s] INFO:colcon.colcon_core.shell:Creating package descriptor '/root/h10_pooltest_ws/src/h10_controls/install/controls_movement/share/controls_movement/package.dsv'
[1.031s] INFO:colcon.colcon_core.shell:Creating package script '/root/h10_pooltest_ws/src/h10_controls/install/controls_movement/share/controls_movement/package.sh'
[1.032s] INFO:colcon.colcon_core.shell:Creating package script '/root/h10_pooltest_ws/src/h10_controls/install/controls_movement/share/controls_movement/package.bash'
[1.033s] INFO:colcon.colcon_core.shell:Creating package script '/root/h10_pooltest_ws/src/h10_controls/install/controls_movement/share/controls_movement/package.zsh'
[1.033s] Level 1:colcon.colcon_core.environment:create_file_with_runtime_dependencies(/root/h10_pooltest_ws/src/h10_controls/install/controls_movement/share/colcon-core/packages/controls_movement)
[1.034s] DEBUG:colcon.colcon_parallel_executor.executor.parallel:closing loop
[1.035s] DEBUG:colcon.colcon_parallel_executor.executor.parallel:loop closed
[1.035s] DEBUG:colcon.colcon_parallel_executor.executor.parallel:run_until_complete finished with '0'
[1.035s] DEBUG:colcon.colcon_core.event_reactor:joining thread
[1.072s] INFO:colcon.colcon_core.plugin_system:Skipping extension 'colcon_notification.desktop_notification.notify_send': Could not find 'notify-send'
[1.072s] INFO:colcon.colcon_core.plugin_system:Skipping extension 'colcon_notification.desktop_notification.terminal_notifier': Not used on non-Darwin systems
[1.072s] INFO:colcon.colcon_core.plugin_system:Skipping extension 'colcon_notification.desktop_notification.win32': Not used on non-Windows systems
[1.072s] INFO:colcon.colcon_notification.desktop_notification:Sending desktop notification using 'notify2'
[1.072s] DEBUG:colcon.colcon_notification.desktop_notification.notify2:Failed to initialize notify2: org.freedesktop.DBus.Error.FileNotFound: Failed to connect to socket /run/user/0/bus: No such file or directory
[1.072s] DEBUG:colcon.colcon_core.event_reactor:joined thread
[1.073s] INFO:colcon.colcon_core.shell:Creating prefix script '/root/h10_pooltest_ws/src/h10_controls/install/local_setup.ps1'
[1.074s] INFO:colcon.colcon_core.shell:Creating prefix util module '/root/h10_pooltest_ws/src/h10_controls/install/_local_setup_util_ps1.py'
[1.075s] INFO:colcon.colcon_core.shell:Creating prefix chain script '/root/h10_pooltest_ws/src/h10_controls/install/setup.ps1'
[1.076s] INFO:colcon.colcon_core.shell:Creating prefix script '/root/h10_pooltest_ws/src/h10_controls/install/local_setup.sh'
[1.077s] INFO:colcon.colcon_core.shell:Creating prefix util module '/root/h10_pooltest_ws/src/h10_controls/install/_local_setup_util_sh.py'
[1.077s] INFO:colcon.colcon_core.shell:Creating prefix chain script '/root/h10_pooltest_ws/src/h10_controls/install/setup.sh'
[1.078s] INFO:colcon.colcon_core.shell:Creating prefix script '/root/h10_pooltest_ws/src/h10_controls/install/local_setup.bash'
[1.079s] INFO:colcon.colcon_core.shell:Creating prefix chain script '/root/h10_pooltest_ws/src/h10_controls/install/setup.bash'
[1.079s] INFO:colcon.colcon_core.shell:Creating prefix script '/root/h10_pooltest_ws/src/h10_controls/install/local_setup.zsh'
[1.080s] INFO:colcon.colcon_core.shell:Creating prefix chain script '/root/h10_pooltest_ws/src/h10_controls/install/setup.zsh'
